src/app/index.tsx(308,9): error TS2322: Type 'Dispatch<SetStateAction<{ fullName: string; firstName: string; lastName: string; mobile: string; age: string; state: string; district: string; village: string; occupation: string; interestedSector: string; hasExistingBusiness: string; profileImage: null; }>>' is not assignable to type '() => void'.
  Target signature provides too few arguments. Expected 1 or more, but got 0.
src/app/index.tsx(309,9): error TS2322: Type '{ sector: string; title: string; setupCost: number; monthlyFixed: number; unitType: string; pricePerUnit: number; costPerUnit: number; salesPerMonth: number; personalCost: number; breakdown: { ...; }[]; }' is not assignable to type '{ sector: string; title: string; setupCost: number; monthlyFixed: number; unitType: string; pricePerUnit: number; costPerUnit: number; salesPerMonth: number; personalCost: number; breakdown: never[]; }'.
  Types of property 'breakdown' are incompatible.
    Type '{ label: string; cost: number; }[]' is not assignable to type 'never[]'.
      Type '{ label: string; cost: number; }' is not assignable to type 'never'.
src/app/index.tsx(310,9): error TS2322: Type 'Dispatch<SetStateAction<{ sector: string; title: string; setupCost: number; monthlyFixed: number; unitType: string; pricePerUnit: number; costPerUnit: number; salesPerMonth: number; personalCost: number; breakdown: { ...; }[]; }>>' is not assignable to type '() => void'.
  Target signature provides too few arguments. Expected 1 or more, but got 0.
src/app/index.tsx(312,9): error TS2322: Type 'Dispatch<SetStateAction<null>>' is not assignable to type '() => void'.
  Target signature provides too few arguments. Expected 1 or more, but got 0.
src/app/index.tsx(314,9): error TS2322: Type 'Dispatch<SetStateAction<null>>' is not assignable to type '() => void'.
  Target signature provides too few arguments. Expected 1 or more, but got 0.
src/app/index.tsx(316,9): error TS2322: Type '(userData: any) => Promise<void>' is not assignable to type '() => void'.
  Target signature provides too few arguments. Expected 1 or more, but got 0.
src/app/index.tsx(320,9): error TS2322: Type 'Dispatch<SetStateAction<boolean>>' is not assignable to type '() => void'.
  Target signature provides too few arguments. Expected 1 or more, but got 0.
src/app/index.tsx(321,9): error TS2322: Type 'Dispatch<SetStateAction<boolean>>' is not assignable to type '() => void'.
  Target signature provides too few arguments. Expected 1 or more, but got 0.
src/app/index.tsx(325,62): error TS2322: Type '"horizontal"' is not assignable to type 'Edge'.
src/app/index.tsx(333,45): error TS2304: Cannot find name 'SignUpScreen'.
src/app/index.tsx(334,44): error TS2304: Cannot find name 'LoginScreen'.
src/app/index.tsx(347,16): error TS2304: Cannot find name 'BottomTabBar'.
src/app/index.tsx(410,23): error TS2339: Property 'langSelectorBadge' does not exist on type '{ outerContainer: { flex: number; backgroundColor: string; alignItems: "center"; justifyContent: "center"; }; safeArea: { flex: number; width: "100%"; maxWidth: number; backgroundColor: string; }; ... 110 more ...; errorText: { ...; }; }'.
src/app/index.tsx(411,43): error TS2554: Expected 0 arguments, but got 1.
src/app/index.tsx(413,29): error TS2339: Property 'langSelectorBadgeText' does not exist on type '{ outerContainer: { flex: number; backgroundColor: string; alignItems: "center"; justifyContent: "center"; }; safeArea: { flex: number; width: "100%"; maxWidth: number; backgroundColor: string; }; ... 110 more ...; errorText: { ...; }; }'.
src/app/index.tsx(431,25): error TS2554: Expected 0 arguments, but got 1.
src/app/index.tsx(431,26): error TS7006: Parameter 'prev' implicitly has an 'any' type.
src/app/index.tsx(441,23): error TS2554: Expected 0 arguments, but got 1.
src/app/index.tsx(503,47): error TS2554: Expected 0 arguments, but got 1.
src/app/index.tsx(514,43): error TS2554: Expected 0 arguments, but got 1.
src/app/index.tsx(666,23): error TS2554: Expected 0 arguments, but got 1.
src/app/index.tsx(734,23): error TS2554: Expected 0 arguments, but got 1.
src/app/index.tsx(750,27): error TS2339: Property 'centerSection' does not exist on type '{ outerContainer: { flex: number; backgroundColor: string; alignItems: "center"; justifyContent: "center"; }; safeArea: { flex: number; width: "100%"; maxWidth: number; backgroundColor: string; }; ... 110 more ...; errorText: { ...; }; }'.
src/app/index.tsx(1056,31): error TS2554: Expected 0 arguments, but got 1.
src/app/index.tsx(1065,29): error TS2554: Expected 0 arguments, but got 1.
src/app/index.tsx(1077,27): error TS2339: Property 'centerSection' does not exist on type '{ outerContainer: { flex: number; backgroundColor: string; alignItems: "center"; justifyContent: "center"; }; safeArea: { flex: number; width: "100%"; maxWidth: number; backgroundColor: string; }; ... 110 more ...; errorText: { ...; }; }'.
src/app/index.tsx(1197,43): error TS2339: Property 'confidence' does not exist on type 'never'.
src/app/index.tsx(1204,30): error TS2339: Property 'business_id' does not exist on type 'never'.
src/app/index.tsx(1241,23): error TS2554: Expected 0 arguments, but got 1.
src/app/index.tsx(1243,33): error TS2554: Expected 0 arguments, but got 1.
src/app/index.tsx(1451,27): error TS2339: Property 'business_id' does not exist on type 'never'.
src/app/index.tsx(1457,27): error TS2339: Property 'centerSection' does not exist on type '{ outerContainer: { flex: number; backgroundColor: string; alignItems: "center"; justifyContent: "center"; }; safeArea: { flex: number; width: "100%"; maxWidth: number; backgroundColor: string; }; ... 110 more ...; errorText: { ...; }; }'.
src/app/index.tsx(1562,45): error TS2554: Expected 0 arguments, but got 1.
